       Filename     Obs_date_time (UT)  Exp.  Size     Object
-----------------------------------------------------------------------------------
  1: d0               T09:28:2-06T17:2828:27  4160                     T / NORMAL FITS IMAGE
  2: d100             T22:40:5-07T06:3840:49  4160                     T / NORMAL FITS IMAGE
  3: d101             T22:44:5-07T06:4244:52  4160                     T / NORMAL FITS IMAGE
  4: d102             T22:49:0-07T06:4648:55  4160                     T / NORMAL FITS IMAGE
  5: d103             T22:53:0-07T06:5052:57  4160                     T / NORMAL FITS IMAGE
  6: d104             T22:57:0-07T06:5456:59  4160                     T / NORMAL FITS IMAGE
  7: d105             T23:01:0-07T06:5801:02  4160                     T / NORMAL FITS IMAGE
  8: d106             T23:05:1-07T07:0205:05  4160                     T / NORMAL FITS IMAGE
  9: d107             T23:09:1-07T07:0609:08  4160                     T / NORMAL FITS IMAGE
 10: d108             T23:13:1-07T07:1113:11  4160                     T / NORMAL FITS IMAGE
 11: d10              T10:14:0-06T18:1314:04  4160                     T / NORMAL FITS IMAGE
 12: d11              T10:16:4-06T18:1616:44  4160                     T / NORMAL FITS IMAGE
 13: d12              T10:19:2-06T18:1819:21  4160                     T / NORMAL FITS IMAGE
 14: d13              T10:23:5-06T18:2323:53  4160                     T / NORMAL FITS IMAGE
 15: d14              T10:27:0-06T18:2526:58  4160                     T / NORMAL FITS IMAGE
 16: d15              T10:31:1-06T18:2931:09  4160                     T / NORMAL FITS IMAGE
 17: D16              T10:43:2-06T18:4143:18  4160                     T / NORMAL FITS IMAGE
 18: D17              T10:53:5-06T18:4853:48  4160                     T / NORMAL FITS IMAGE
 19: d18              T11:03:5-06T19:0303:51  4160                     T / NORMAL FITS IMAGE
 20: D19              T11:17:2-06T19:1217:18  4160                     T / NORMAL FITS IMAGE
 21: d1               T09:29:1-06T17:2929:13  4160                     T / NORMAL FITS IMAGE
 22: D20              T11:30:3-06T19:2730:32  4160                     T / NORMAL FITS IMAGE
 23: D21              T11:45:4-06T19:3545:41  4160                     T / NORMAL FITS IMAGE
 24: D22              T11:58:2-06T19:5358:21  4160                     T / NORMAL FITS IMAGE
 25: D23              T12:06:3-06T20:0106:31  4160                     T / NORMAL FITS IMAGE
 26: D24              T12:16:4-06T20:1116:40  4160                     T / NORMAL FITS IMAGE
 27: D25              T12:24:0-06T20:2124:02  4160                     T / NORMAL FITS IMAGE
 28: D26              T12:31:1-06T20:2631:15  4160                     T / NORMAL FITS IMAGE
 29: D27              T12:39:2-06T20:3439:20  4160                     T / NORMAL FITS IMAGE
 30: D28              T12:45:4-06T20:4245:40  4160                     T / NORMAL FITS IMAGE
 31: D29              T12:53:5-06T20:4853:54  4160                     T / NORMAL FITS IMAGE
 32: d2               T09:29:5-06T17:2929:58  4160                     T / NORMAL FITS IMAGE
 33: D30              T13:02:0-06T20:5702:01  4160                     T / NORMAL FITS IMAGE
 34: D31              T13:09:4-06T21:0609:42  4160                     T / NORMAL FITS IMAGE
 35: D32              T13:17:3-06T21:1217:30  4160                     T / NORMAL FITS IMAGE
 36: D33              T13:25:2-06T21:2025:20  4160                     T / NORMAL FITS IMAGE
 37: D34              T13:31:5-06T21:2831:46  4160                     T / NORMAL FITS IMAGE
 38: D35              T13:39:3-06T21:3439:32  4160                     T / NORMAL FITS IMAGE
 39: D36              T13:48:0-06T21:4348:01  4160                     T / NORMAL FITS IMAGE
 40: D37              T13:54:1-06T21:5154:05  4160                     T / NORMAL FITS IMAGE
 41: D38              T14:02:0-06T21:5702:04  4160                     T / NORMAL FITS IMAGE
 42: D39              T14:10:1-06T22:0510:10  4160                     T / NORMAL FITS IMAGE
 43: d3               T09:30:4-06T17:3030:45  4160                     T / NORMAL FITS IMAGE
 44: D40              T14:16:2-06T22:1316:15  4160                     T / NORMAL FITS IMAGE
 45: D41              T14:24:0-06T22:1924:04  4160                     T / NORMAL FITS IMAGE
 46: D42              T14:32:4-06T22:2732:42  4160                     T / NORMAL FITS IMAGE
 47: D43              T14:38:3-06T22:3538:32  4160                     T / NORMAL FITS IMAGE
 48: D44              T14:46:3-06T22:4146:33  4160                     T / NORMAL FITS IMAGE
 49: D45              T14:54:3-06T22:4954:28  4160                     T / NORMAL FITS IMAGE
 50: D46              T15:00:2-06T22:5700:17  4160                     T / NORMAL FITS IMAGE
 51: D47              T15:08:2-06T23:0308:18  4160                     T / NORMAL FITS IMAGE
 52: D48              T15:16:2-06T23:1116:23  4160                     T / NORMAL FITS IMAGE
 53: D49              T15:22:2-06T23:1922:19  4160                     T / NORMAL FITS IMAGE
 54: d4               T09:31:3-06T17:3131:31  4160                     T / NORMAL FITS IMAGE
 55: D50              T15:30:1-06T23:2530:08  4160                     T / NORMAL FITS IMAGE
 56: D51              T15:38:0-06T23:3338:00  4160                     T / NORMAL FITS IMAGE
 57: D52              T15:44:1-06T23:4144:05  4160                     T / NORMAL FITS IMAGE
 58: D53              T15:52:1-06T23:4752:09  4160                     T / NORMAL FITS IMAGE
 59: D54              T15:58:2-06T23:5658:19  4160                     T / NORMAL FITS IMAGE
 60: D55              T16:07:1-07T00:0707:07   364                     T / NORMAL FITS IMAGE
 61: D56              T16:08:2-07T00:0808:14   364                     T / NORMAL FITS IMAGE
 62: D57              T16:10:2-07T00:1010:22   364                     T / NORMAL FITS IMAGE
 63: D58              T16:11:3-07T00:1111:25   364                     T / NORMAL FITS IMAGE
 64: D59              T16:13:2-07T00:1313:19   364                     T / NORMAL FITS IMAGE
 65: d5               T09:32:1-06T17:3232:16  4160                     T / NORMAL FITS IMAGE
 66: D60              T16:14:1-07T00:1414:09   364                     T / NORMAL FITS IMAGE
 67: D61              T16:15:2-07T00:1515:19   364                     T / NORMAL FITS IMAGE
 68: D62              T16:32:1-07T00:2232:15  4160                     T / NORMAL FITS IMAGE
 69: D63              T16:55:2-07T00:3555:22  4160                     T / NORMAL FITS IMAGE
 70: D64              T17:18:4-07T00:5818:43  4160                     T / NORMAL FITS IMAGE
 71: D65              T17:54:2-07T01:3454:21  4160                     T / NORMAL FITS IMAGE
 72: D66              T18:28:2-07T02:0828:24  4160                     T / NORMAL FITS IMAGE
 73: D67              T18:52:1-07T02:3252:11  4160                     T / NORMAL FITS IMAGE
 74: D68              T19:14:2-07T02:5414:24  4160                     T / NORMAL FITS IMAGE
 75: D69              T19:20:1-07T03:2020:13   364                     T / NORMAL FITS IMAGE
 76: d6               T09:33:0-06T17:3333:02  4160                     T / NORMAL FITS IMAGE
 77: D70              T19:21:1-07T03:2021:07   364                     T / NORMAL FITS IMAGE
 78: D71              T19:22:5-07T03:2222:50   364                     T / NORMAL FITS IMAGE
 79: D72              T19:23:5-07T03:2323:47   364                     T / NORMAL FITS IMAGE
 80: D73              T19:46:0-07T03:2545:59  4160                     T / NORMAL FITS IMAGE
 81: D74              T20:08:1-07T03:4808:15  4160                     T / NORMAL FITS IMAGE
 82: D75              T20:30:3-07T04:1030:32  4160                     T / NORMAL FITS IMAGE
 83: D76              T20:44:0-07T04:3343:58  4160                     T / NORMAL FITS IMAGE
 84: D77              T20:49:0-07T04:4848:56   364                     T / NORMAL FITS IMAGE
 85: D78              T20:49:3-07T04:4949:29   364                     T / NORMAL FITS IMAGE
 86: D79              T20:50:1-07T04:5050:11   364                     T / NORMAL FITS IMAGE
 87: d7               T09:33:5-06T17:3333:49  4160                     T / NORMAL FITS IMAGE
 88: D80              T20:52:5-07T04:5252:47   364                     T / NORMAL FITS IMAGE
 89: D81              T20:53:4-07T04:5353:40   364                     T / NORMAL FITS IMAGE
 90: D82              T20:54:4-07T04:5454:36   364                     T / NORMAL FITS IMAGE
 91: D83              T21:07:2-07T04:5707:19  4160                     T / NORMAL FITS IMAGE
 92: D84              T21:20:0-07T05:0919:55  4160                     T / NORMAL FITS IMAGE
 93: D85              T21:28:5-07T05:2828:51   364                     T / NORMAL FITS IMAGE
 94: d86              T21:31:1-07T05:3031:11   364                     T / NORMAL FITS IMAGE
 95: d8               T09:34:3-06T17:3434:35  4160                     T / NORMAL FITS IMAGE
 96: d92              T22:13:1-07T06:1313:13  4160                     T / NORMAL FITS IMAGE
 97: d93              T22:15:1-07T06:1515:05  4160                     T / NORMAL FITS IMAGE
 98: d94              T22:17:0-07T06:1616:58  4160                     T / NORMAL FITS IMAGE
 99: d95              T22:18:5-07T06:1818:50  4160                     T / NORMAL FITS IMAGE
100: d96              T22:20:4-07T06:2020:42  4160                     T / NORMAL FITS IMAGE
101: d97              T22:28:4-07T06:2628:40  4160                     T / NORMAL FITS IMAGE
102: d98              T22:32:4-07T06:3032:43  4160                     T / NORMAL FITS IMAGE
103: d99              T22:36:5-07T06:3436:46  4160                     T / NORMAL FITS IMAGE
104: d9               T09:35:2-06T17:3535:22  4160                     T / NORMAL FITS IMAGE
